<?xml version="1.0" encoding="UTF-8"?>
<testsuites name="jest tests" tests="1" failures="0" errors="0" time="1.423">
  <testsuite name="undefined" errors="0" failures="0" skipped="0" timestamp="2025-05-02T23:19:39" time="1.026" tests="1">
    <testcase classname=" renders the App component" name=" renders the App component" time="0.206">
    </testcase>
  </testsuite>
</testsuites>